Collecting streamlit>=1.44.1 (from -r D:\ProjectRecovery\nodetasks-current-consumer-20260905\requirements.txt (line 1))
  Obtaining dependency information for streamlit>=1.44.1 from https://files.pythonhosted.org/packages/18/60/2acf1a5cac2b2fa6b09fea362abf81f210cf25cee40082ab11beb754cf70/streamlit-1.63.0-py3-none-any.whl.metadata
  Downloading streamlit-1.63.0-py3-none-any.whl.metadata (10 kB)
Collecting pandas>=2.0 (from -r D:\ProjectRecovery\nodetasks-current-consumer-20260905\requirements.txt (line 2))
  Obtaining dependency information for pandas>=2.0 from https://files.pythonhosted.org/packages/fa/9a/31f4983f191af51ab2a8f2d0c7b33dff3a84da26533f982fff02c2f9e28b/pandas-3.0.5-cp311-cp311-win_amd64.whl.metadata
  Downloading pandas-3.0.5-cp311-cp311-win_amd64.whl.metadata (19 kB)
Collecting altair!=5.4.0,!=5.4.1,<7,>=5.0.0 (from streamlit>=1.44.1->-r D:\ProjectRecovery\nodetasks-current-consumer-20260905\requirements.txt (line 1))
  Obtaining dependency information for altair!=5.4.0,!=5.4.1,<7,>=5.0.0 from https://files.pythonhosted.org/packages/e3/99/d6031f4f146298951c46b1bf1cc160c2a63f6e44b3c13a30054add100d5f/altair-6.2.2-py3-none-any.whl.metadata
  Downloading altair-6.2.2-py3-none-any.whl.metadata (11 kB)
Collecting click<9,>=7.0 (from streamlit>=1.44.1->-r D:\ProjectRecovery\nodetasks-current-consumer-20260905\requirements.txt (line 1))
  Obtaining dependency information for click<9,>=7.0 from https://files.pythonhosted.org/packages/58/50/6c0d534c5f134586a8e1ba4e330569e32f057e33372ae556463212fb4cd3/click-8.5.0-py3-none-any.whl.metadata
  Downloading click-8.5.0-py3-none-any.whl.metadata (2.6 kB)
Collecting numpy<3,>=1.23 (from streamlit>=1.44.1->-r D:\ProjectRecovery\nodetasks-current-consumer-20260905\requirements.txt (line 1))
  Obtaining dependency information for numpy<3,>=1.23 from https://files.pythonhosted.org/packages/c5/31/7fc6239c12bce7e931463251cca4426c465e1876ba3cc785402ef4dd8f4e/numpy-2.4.6-cp311-cp311-win_amd64.whl.metadata
  Using cached numpy-2.4.6-cp311-cp311-win_amd64.whl.metadata (6.6 kB)
Collecting packaging>=20 (from streamlit>=1.44.1->-r D:\ProjectRecovery\nodetasks-current-consumer-20260905\requirements.txt (line 1))
  Obtaining dependency information for packaging>=20 from https://files.pythonhosted.org/packages/63/34/ba1c580383c9eada3711951fef0795c80b829a078d72188184bcab9dd527/packaging-26.3-py3-none-any.whl.metadata
  Downloading packaging-26.3-py3-none-any.whl.metadata (3.5 kB)
Collecting pillow<13,>=7.1.0 (from streamlit>=1.44.1->-r D:\ProjectRecovery\nodetasks-current-consumer-20260905\requirements.txt (line 1))
  Obtaining dependency information for pillow<13,>=7.1.0 from https://files.pythonhosted.org/packages/63/c6/4bad1b18d132a50b27e1365e1ab163616f7a5bb56d330f66f9d1d9d4f9d4/pillow-12.3.0-cp311-cp311-win_amd64.whl.metadata
  Downloading pillow-12.3.0-cp311-cp311-win_amd64.whl.metadata (9.3 kB)
Collecting pydeck<1,>=0.8.0b4 (from streamlit>=1.44.1->-r D:\ProjectRecovery\nodetasks-current-consumer-20260905\requirements.txt (line 1))
  Obtaining dependency information for pydeck<1,>=0.8.0b4 from https://files.pythonhosted.org/packages/6f/34/3998411437aff304a9ed4fa37a6fe1ef3132bcd2b5eac59851b80c86123c/pydeck-0.9.3-py2.py3-none-any.whl.metadata
  Downloading pydeck-0.9.3-py2.py3-none-any.whl.metadata (4.2 kB)
Collecting protobuf<8,>=5.26.1 (from streamlit>=1.44.1->-r D:\ProjectRecovery\nodetasks-current-consumer-20260905\requirements.txt (line 1))
  Obtaining dependency information for protobuf<8,>=5.26.1 from https://files.pythonhosted.org/packages/db/37/155788a0d8daded960375af604202805308169f9b859419ea0aa370946e2/protobuf-7.36.1-cp310-abi3-win_amd64.whl.metadata
  Downloading protobuf-7.36.1-cp310-abi3-win_amd64.whl.metadata (595 bytes)
Collecting pyarrow!=25.0.0,<26,>=7.0 (from streamlit>=1.44.1->-r D:\ProjectRecovery\nodetasks-current-consumer-20260905\requirements.txt (line 1))
  Obtaining dependency information for pyarrow!=25.0.0,<26,>=7.0 from https://files.pythonhosted.org/packages/8e/1c/5236033550633c9b7377b2a53660b2bbb06cb06dc09c4356332d67643ca1/pyarrow-25.0.1-cp311-cp311-win_amd64.whl.metadata
  Downloading pyarrow-25.0.1-cp311-cp311-win_amd64.whl.metadata (3.0 kB)
Collecting requests<3,>=2.27 (from streamlit>=1.44.1->-r D:\ProjectRecovery\nodetasks-current-consumer-20260905\requirements.txt (line 1))
  Obtaining dependency information for requests<3,>=2.27 from https://files.pythonhosted.org/packages/a0/f4/c67b0b3f1b9245e8d266f0f112c500d50e5b4e83cb6f3b71b6528104182a/requests-2.34.2-py3-none-any.whl.metadata
  Downloading requests-2.34.2-py3-none-any.whl.metadata (4.8 kB)
Collecting toml<2,>=0.10.1 (from streamlit>=1.44.1->-r D:\ProjectRecovery\nodetasks-current-consumer-20260905\requirements.txt (line 1))
  Obtaining dependency information for toml<2,>=0.10.1 from https://files.pythonhosted.org/packages/44/6f/7120676b6d73228c96e17f1f794d8ab046fc910d781c8d151120c3f1569e/toml-0.10.2-py2.py3-none-any.whl.metadata
  Using cached toml-0.10.2-py2.py3-none-any.whl.metadata (7.1 kB)
Collecting typing-extensions<5,>=4.10.0 (from streamlit>=1.44.1->-r D:\ProjectRecovery\nodetasks-current-consumer-20260905\requirements.txt (line 1))
  Obtaining dependency information for typing-extensions<5,>=4.10.0 from https://files.pythonhosted.org/packages/49/d3/b8441a820a491ddfc024b0b0cf0393375b75ea13866d9c66727e54c2fc80/typing_extensions-4.16.0-py3-none-any.whl.metadata
  Using cached typing_extensions-4.16.0-py3-none-any.whl.metadata (3.3 kB)
Collecting starlette<2,>=0.46.0 (from streamlit>=1.44.1->-r D:\ProjectRecovery\nodetasks-current-consumer-20260905\requirements.txt (line 1))
  Obtaining dependency information for starlette<2,>=0.46.0 from https://files.pythonhosted.org/packages/c8/cb/6a6a47d5b464bd08695d254f3da6e7986cc70c9fa5d778eda57538edfe56/starlette-1.6.0-py3-none-any.whl.metadata
  Downloading starlette-1.6.0-py3-none-any.whl.metadata (6.4 kB)
Collecting uvicorn<1,>=0.30.0 (from streamlit>=1.44.1->-r D:\ProjectRecovery\nodetasks-current-consumer-20260905\requirements.txt (line 1))
  Obtaining dependency information for uvicorn<1,>=0.30.0 from https://files.pythonhosted.org/packages/f1/79/4a20b54ab0491485ccd8c077db2d39187c7f12b3e15485d38a7be37c81b4/uvicorn-0.52.4-py3-none-any.whl.metadata
  Downloading uvicorn-0.52.4-py3-none-any.whl.metadata (6.6 kB)
Collecting httptools<1,>=0.6.3 (from streamlit>=1.44.1->-r D:\ProjectRecovery\nodetasks-current-consumer-20260905\requirements.txt (line 1))
  Obtaining dependency information for httptools<1,>=0.6.3 from https://files.pythonhosted.org/packages/cc/94/97b75870dea07b71e3ec535cebe525b08d723152e4c7d13fa887e51f4de2/httptools-0.8.0-cp311-cp311-win_amd64.whl.metadata
  Downloading httptools-0.8.0-cp311-cp311-win_amd64.whl.metadata (3.7 kB)
Collecting anyio<5,>=4.0.0 (from streamlit>=1.44.1->-r D:\ProjectRecovery\nodetasks-current-consumer-20260905\requirements.txt (line 1))
  Obtaining dependency information for anyio<5,>=4.0.0 from https://files.pythonhosted.org/packages/12/b8/4bd346e22b28902df4d651910f5242c28d84e4a5c2435ca5c3f797ed7e2e/anyio-4.15.1-py3-none-any.whl.metadata
  Downloading anyio-4.15.1-py3-none-any.whl.metadata (4.7 kB)
Collecting python-multipart<1,>=0.0.10 (from streamlit>=1.44.1->-r D:\ProjectRecovery\nodetasks-current-consumer-20260905\requirements.txt (line 1))
  Obtaining dependency information for python-multipart<1,>=0.0.10 from https://files.pythonhosted.org/packages/e1/04/e8135ebd1ad02c56ec633277529b2602ff99ff634be76cdba5744cf554fd/python_multipart-0.0.32-py3-none-any.whl.metadata
  Downloading python_multipart-0.0.32-py3-none-any.whl.metadata (2.1 kB)
Collecting websockets<17,>=12.0.0 (from streamlit>=1.44.1->-r D:\ProjectRecovery\nodetasks-current-consumer-20260905\requirements.txt (line 1))
  Obtaining dependency information for websockets<17,>=12.0.0 from https://files.pythonhosted.org/packages/71/b2/e511c1c6f64a95c2f3fc54bffda0e14eaa7e9442be605c29270f7589b918/websockets-16.1.1-cp311-cp311-win_amd64.whl.metadata
  Downloading websockets-16.1.1-cp311-cp311-win_amd64.whl.metadata (7.0 kB)
Collecting itsdangerous<3,>=2.1.2 (from streamlit>=1.44.1->-r D:\ProjectRecovery\nodetasks-current-consumer-20260905\requirements.txt (line 1))
  Obtaining dependency information for itsdangerous<3,>=2.1.2 from https://files.pythonhosted.org/packages/04/96/92447566d16df59b2a776c0fb82dbc4d9e07cd95062562af01e408583fc4/itsdangerous-2.2.0-py3-none-any.whl.metadata
  Using cached itsdangerous-2.2.0-py3-none-any.whl.metadata (1.9 kB)
Collecting watchdog<7,>=2.1.5 (from streamlit>=1.44.1->-r D:\ProjectRecovery\nodetasks-current-consumer-20260905\requirements.txt (line 1))
  Obtaining dependency information for watchdog<7,>=2.1.5 from https://files.pythonhosted.org/packages/db/d9/c495884c6e548fce18a8f40568ff120bc3a4b7b99813081c8ac0c936fa64/watchdog-6.0.0-py3-none-win_amd64.whl.metadata
  Using cached watchdog-6.0.0-py3-none-win_amd64.whl.metadata (44 kB)
Collecting python-dateutil>=2.8.2 (from pandas>=2.0->-r D:\ProjectRecovery\nodetasks-current-consumer-20260905\requirements.txt (line 2))
  Obtaining dependency information for python-dateutil>=2.8.2 from https://files.pythonhosted.org/packages/ec/57/56b9bcc3c9c6a792fcbaf139543cee77261f3651ca9da0c93f5c1221264b/python_dateutil-2.9.0.post0-py2.py3-none-any.whl.metadata
  Using cached python_dateutil-2.9.0.post0-py2.py3-none-any.whl.metadata (8.4 kB)
Collecting tzdata (from pandas>=2.0->-r D:\ProjectRecovery\nodetasks-current-consumer-20260905\requirements.txt (line 2))
  Obtaining dependency information for tzdata from https://files.pythonhosted.org/packages/e5/6d/b53b99a9f2766d095985947a5782f1702cabb129a34f7a802d7197af832f/tzdata-2026.3-py2.py3-none-any.whl.metadata
  Downloading tzdata-2026.3-py2.py3-none-any.whl.metadata (1.4 kB)
Collecting jinja2 (from altair!=5.4.0,!=5.4.1,<7,>=5.0.0->streamlit>=1.44.1->-r D:\ProjectRecovery\nodetasks-current-consumer-20260905\requirements.txt (line 1))
  Obtaining dependency information for jinja2 from https://files.pythonhosted.org/packages/62/a1/3d680cbfd5f4b8f15abc1d571870c5fc3e594bb582bc3b64ea099db13e56/jinja2-3.1.6-py3-none-any.whl.metadata
  Using cached jinja2-3.1.6-py3-none-any.whl.metadata (2.9 kB)
Collecting jsonschema>=3.0 (from altair!=5.4.0,!=5.4.1,<7,>=5.0.0->streamlit>=1.44.1->-r D:\ProjectRecovery\nodetasks-current-consumer-20260905\requirements.txt (line 1))
  Obtaining dependency information for jsonschema>=3.0 from https://files.pythonhosted.org/packages/69/90/f63fb5873511e014207a475e2bb4e8b2e570d655b00ac19a9a0ca0a385ee/jsonschema-4.26.0-py3-none-any.whl.metadata
  Using cached jsonschema-4.26.0-py3-none-any.whl.metadata (7.6 kB)
Collecting narwhals>=2.4.0 (from altair!=5.4.0,!=5.4.1,<7,>=5.0.0->streamlit>=1.44.1->-r D:\ProjectRecovery\nodetasks-current-consumer-20260905\requirements.txt (line 1))
  Obtaining dependency information for narwhals>=2.4.0 from https://files.pythonhosted.org/packages/eb/dc/55481808fd70ef1567cf13540ffd4702af3f74b112e35427564b03f79c2d/narwhals-2.25.0-py3-none-any.whl.metadata
  Downloading narwhals-2.25.0-py3-none-any.whl.metadata (15 kB)
Collecting idna>=2.8 (from anyio<5,>=4.0.0->streamlit>=1.44.1->-r D:\ProjectRecovery\nodetasks-current-consumer-20260905\requirements.txt (line 1))
  Obtaining dependency information for idna>=2.8 from https://files.pythonhosted.org/packages/57/b0/0e52c878c53f245edd3a11020f20979b3f490f245af532c7cae3027754b5/idna-3.19-py3-none-any.whl.metadata
  Downloading idna-3.19-py3-none-any.whl.metadata (9.2 kB)
Collecting six>=1.5 (from python-dateutil>=2.8.2->pandas>=2.0->-r D:\ProjectRecovery\nodetasks-current-consumer-20260905\requirements.txt (line 2))
  Obtaining dependency information for six>=1.5 from https://files.pythonhosted.org/packages/b7/ce/149a00dd41f10bc29e5921b496af8b574d8413afcd5e30dfa0ed46c2cc5e/six-1.17.0-py2.py3-none-any.whl.metadata
  Using cached six-1.17.0-py2.py3-none-any.whl.metadata (1.7 kB)
Collecting charset_normalizer<4,>=2 (from requests<3,>=2.27->streamlit>=1.44.1->-r D:\ProjectRecovery\nodetasks-current-consumer-20260905\requirements.txt (line 1))
  Obtaining dependency information for charset_normalizer<4,>=2 from https://files.pythonhosted.org/packages/e3/57/32f0ccea59e8612057c61d6fd22ef2cb63cca93c9fe594094919696ac170/charset_normalizer-3.5.1-cp311-cp311-win_amd64.whl.metadata
  Downloading charset_normalizer-3.5.1-cp311-cp311-win_amd64.whl.metadata (46 kB)
     ---------------------------------------- 46.7/46.7 kB 2.3 MB/s eta 0:00:00
Collecting urllib3<3,>=1.26 (from requests<3,>=2.27->streamlit>=1.44.1->-r D:\ProjectRecovery\nodetasks-current-consumer-20260905\requirements.txt (line 1))
  Obtaining dependency information for urllib3<3,>=1.26 from https://files.pythonhosted.org/packages/7f/3e/5db95bcf282c52709639744ca2a8b149baccf648e39c8cc87553df9eae0c/urllib3-2.7.0-py3-none-any.whl.metadata
  Using cached urllib3-2.7.0-py3-none-any.whl.metadata (6.9 kB)
Collecting certifi>=2023.5.7 (from requests<3,>=2.27->streamlit>=1.44.1->-r D:\ProjectRecovery\nodetasks-current-consumer-20260905\requirements.txt (line 1))
  Obtaining dependency information for certifi>=2023.5.7 from https://files.pythonhosted.org/packages/0b/a7/71ac2cff56fec219ed242bb11b8efb69fcc4bec75db06fb7bfe35de520e6/certifi-2026.7.22-py3-none-any.whl.metadata
  Downloading certifi-2026.7.22-py3-none-any.whl.metadata (2.5 kB)
Collecting h11>=0.8 (from uvicorn<1,>=0.30.0->streamlit>=1.44.1->-r D:\ProjectRecovery\nodetasks-current-consumer-20260905\requirements.txt (line 1))
  Obtaining dependency information for h11>=0.8 from https://files.pythonhosted.org/packages/04/4b/29cac41a4d98d144bf5f6d33995617b185d14b22401f75ca86f384e87ff1/h11-0.16.0-py3-none-any.whl.metadata
  Using cached h11-0.16.0-py3-none-any.whl.metadata (8.3 kB)
Collecting MarkupSafe>=2.0 (from jinja2->altair!=5.4.0,!=5.4.1,<7,>=5.0.0->streamlit>=1.44.1->-r D:\ProjectRecovery\nodetasks-current-consumer-20260905\requirements.txt (line 1))
  Obtaining dependency information for MarkupSafe>=2.0 from https://files.pythonhosted.org/packages/83/8a/4414c03d3f891739326e1783338e48fb49781cc915b2e0ee052aa490d586/markupsafe-3.0.3-cp311-cp311-win_amd64.whl.metadata
  Using cached markupsafe-3.0.3-cp311-cp311-win_amd64.whl.metadata (2.8 kB)
Collecting attrs>=22.2.0 (from jsonschema>=3.0->altair!=5.4.0,!=5.4.1,<7,>=5.0.0->streamlit>=1.44.1->-r D:\ProjectRecovery\nodetasks-current-consumer-20260905\requirements.txt (line 1))
  Obtaining dependency information for attrs>=22.2.0 from https://files.pythonhosted.org/packages/64/b4/17d4b0b2a2dc85a6df63d1157e028ed19f90d4cd97c36717afef2bc2f395/attrs-26.1.0-py3-none-any.whl.metadata
  Using cached attrs-26.1.0-py3-none-any.whl.metadata (8.8 kB)
Collecting jsonschema-specifications>=2023.03.6 (from jsonschema>=3.0->altair!=5.4.0,!=5.4.1,<7,>=5.0.0->streamlit>=1.44.1->-r D:\ProjectRecovery\nodetasks-current-consumer-20260905\requirements.txt (line 1))
  Obtaining dependency information for jsonschema-specifications>=2023.03.6 from https://files.pythonhosted.org/packages/41/45/1a4ed80516f02155c51f51e8cedb3c1902296743db0bbc66608a0db2814f/jsonschema_specifications-2025.9.1-py3-none-any.whl.metadata
  Using cached jsonschema_specifications-2025.9.1-py3-none-any.whl.metadata (2.9 kB)
Collecting referencing>=0.28.4 (from jsonschema>=3.0->altair!=5.4.0,!=5.4.1,<7,>=5.0.0->streamlit>=1.44.1->-r D:\ProjectRecovery\nodetasks-current-consumer-20260905\requirements.txt (line 1))
  Obtaining dependency information for referencing>=0.28.4 from https://files.pythonhosted.org/packages/2c/58/ca301544e1fa93ed4f80d724bf5b194f6e4b945841c5bfd555878eea9fcb/referencing-0.37.0-py3-none-any.whl.metadata
  Using cached referencing-0.37.0-py3-none-any.whl.metadata (2.8 kB)
Collecting rpds-py>=0.25.0 (from jsonschema>=3.0->altair!=5.4.0,!=5.4.1,<7,>=5.0.0->streamlit>=1.44.1->-r D:\ProjectRecovery\nodetasks-current-consumer-20260905\requirements.txt (line 1))
  Obtaining dependency information for rpds-py>=0.25.0 from https://files.pythonhosted.org/packages/f2/b7/b7a1695d7af36f521fb11e80d6d3adbd744f73b921859bd3c2a2c0dc706f/rpds_py-2026.6.3-cp311-cp311-win_amd64.whl.metadata
  Using cached rpds_py-2026.6.3-cp311-cp311-win_amd64.whl.metadata (4.2 kB)
Downloading streamlit-1.63.0-py3-none-any.whl (10.5 MB)
   ---------------------------------------- 10.5/10.5 MB 40.9 MB/s eta 0:00:00
Downloading pandas-3.0.5-cp311-cp311-win_amd64.whl (10.0 MB)
   ---------------------------------------- 10.0/10.0 MB 63.8 MB/s eta 0:00:00
Downloading altair-6.2.2-py3-none-any.whl (797 kB)
   --------------------------------------- 797.6/797.6 kB 52.5 MB/s eta 0:00:00
Downloading anyio-4.15.1-py3-none-any.whl (132 kB)
   ---------------------------------------- 132.1/132.1 kB 7.6 MB/s eta 0:00:00
Downloading click-8.5.0-py3-none-any.whl (125 kB)
   ---------------------------------------- 125.3/125.3 kB 7.2 MB/s eta 0:00:00
Downloading httptools-0.8.0-cp311-cp311-win_amd64.whl (90 kB)
   ---------------------------------------- 91.0/91.0 kB ? eta 0:00:00
Using cached itsdangerous-2.2.0-py3-none-any.whl (16 kB)
Using cached numpy-2.4.6-cp311-cp311-win_amd64.whl (12.6 MB)
Downloading packaging-26.3-py3-none-any.whl (129 kB)
   ---------------------------------------- 130.0/130.0 kB 7.5 MB/s eta 0:00:00
Downloading pillow-12.3.0-cp311-cp311-win_amd64.whl (7.2 MB)
   ---------------------------------------- 7.2/7.2 MB 57.8 MB/s eta 0:00:00
Downloading protobuf-7.36.1-cp310-abi3-win_amd64.whl (456 kB)
   --------------------------------------- 456.5/456.5 kB 27.9 MB/s eta 0:00:00
Downloading pyarrow-25.0.1-cp311-cp311-win_amd64.whl (27.9 MB)
   ---------------------------------------- 27.9/27.9 MB 46.7 MB/s eta 0:00:00
Downloading pydeck-0.9.3-py2.py3-none-any.whl (11.4 MB)
   ---------------------------------------- 11.4/11.4 MB 65.5 MB/s eta 0:00:00
Using cached python_dateutil-2.9.0.post0-py2.py3-none-any.whl (229 kB)
Downloading python_multipart-0.0.32-py3-none-any.whl (30 kB)
Downloading requests-2.34.2-py3-none-any.whl (73 kB)
   ---------------------------------------- 73.1/73.1 kB ? eta 0:00:00
Downloading starlette-1.6.0-py3-none-any.whl (75 kB)
   ---------------------------------------- 76.0/76.0 kB 4.1 MB/s eta 0:00:00
Using cached toml-0.10.2-py2.py3-none-any.whl (16 kB)
Using cached typing_extensions-4.16.0-py3-none-any.whl (45 kB)
Downloading uvicorn-0.52.4-py3-none-any.whl (79 kB)
   ---------------------------------------- 79.9/79.9 kB ? eta 0:00:00
Using cached watchdog-6.0.0-py3-none-win_amd64.whl (79 kB)
Downloading websockets-16.1.1-cp311-cp311-win_amd64.whl (180 kB)
   --------------------------------------- 180.2/180.2 kB 10.6 MB/s eta 0:00:00
Downloading tzdata-2026.3-py2.py3-none-any.whl (348 kB)
   --------------------------------------- 348.2/348.2 kB 22.5 MB/s eta 0:00:00
Downloading certifi-2026.7.22-py3-none-any.whl (136 kB)
   ---------------------------------------- 137.0/137.0 kB 7.9 MB/s eta 0:00:00
Downloading charset_normalizer-3.5.1-cp311-cp311-win_amd64.whl (206 kB)
   --------------------------------------- 206.7/206.7 kB 12.3 MB/s eta 0:00:00
Using cached h11-0.16.0-py3-none-any.whl (37 kB)
Downloading idna-3.19-py3-none-any.whl (68 kB)
   ---------------------------------------- 68.5/68.5 kB 3.6 MB/s eta 0:00:00
Using cached jinja2-3.1.6-py3-none-any.whl (134 kB)
Using cached jsonschema-4.26.0-py3-none-any.whl (90 kB)
Downloading narwhals-2.25.0-py3-none-any.whl (467 kB)
   --------------------------------------- 467.4/467.4 kB 28.6 MB/s eta 0:00:00
Using cached six-1.17.0-py2.py3-none-any.whl (11 kB)
Using cached urllib3-2.7.0-py3-none-any.whl (131 kB)
Using cached attrs-26.1.0-py3-none-any.whl (67 kB)
Using cached jsonschema_specifications-2025.9.1-py3-none-any.whl (18 kB)
Using cached markupsafe-3.0.3-cp311-cp311-win_amd64.whl (15 kB)
Using cached referencing-0.37.0-py3-none-any.whl (26 kB)
Using cached rpds_py-2026.6.3-cp311-cp311-win_amd64.whl (223 kB)
Installing collected packages: websockets, watchdog, urllib3, tzdata, typing-extensions, toml, six, rpds-py, python-multipart, pyarrow, protobuf, pillow, packaging, numpy, narwhals, MarkupSafe, itsdangerous, idna, httptools, h11, click, charset_normalizer, certifi, attrs, uvicorn, requests, referencing, python-dateutil, jinja2, anyio, starlette, pydeck, pandas, jsonschema-specifications, jsonschema, altair, streamlit
Successfully installed MarkupSafe-3.0.3 altair-6.2.2 anyio-4.15.1 attrs-26.1.0 certifi-2026.7.22 charset_normalizer-3.5.1 click-8.5.0 h11-0.16.0 httptools-0.8.0 idna-3.19 itsdangerous-2.2.0 jinja2-3.1.6 jsonschema-4.26.0 jsonschema-specifications-2025.9.1 narwhals-2.25.0 numpy-2.4.6 packaging-26.3 pandas-3.0.5 pillow-12.3.0 protobuf-7.36.1 pyarrow-25.0.1 pydeck-0.9.3 python-dateutil-2.9.0.post0 python-multipart-0.0.32 referencing-0.37.0 requests-2.34.2 rpds-py-2026.6.3 six-1.17.0 starlette-1.6.0 streamlit-1.63.0 toml-0.10.2 typing-extensions-4.16.0 tzdata-2026.3 urllib3-2.7.0 uvicorn-0.52.4 watchdog-6.0.0 websockets-16.1.1

[notice] A new release of pip is available: 23.2.1 -> 26.2.1
[notice] To update, run: D:\ProjectRecovery\nodetasks-current-consumer-20260905-python\Scripts\python.exe -m pip install --upgrade pip
